Testing getRevenueTrends with date range...
Result type: array
Result has 7 periods
Labels: Jan 2024, Feb 2024, Mar 2024, Apr 2024, May 2024, Jun 2024, Jul 2024
Revenues: 0, 0, 0, 0, 0, 0, 0
Counts: 0, 0, 0, 0, 0, 0, 0

Testing getRevenueTrends with no parameters...
Result type: array
Result has 6 periods
Labels: Jan 2025, Feb 2025, Mar 2025, Apr 2025, May 2025, Jun 2025
Revenues: 67022, 86970.72, 97841.13, 103035.6, 588295.36, 119294.6
Counts: 2, 3, 2, 3, 8, 9
